This is pdfTeX, Version 3.141592653-2.6-1.40.28 (TeX Live 2025) (preloaded format=pdflatex)
 restricted \write18 enabled.
entering extended mode
(./Phase_II.tex
LaTeX2e <2025-11-01>
L3 programming layer <2026-01-19>
(d:/texlive/2025/texmf-dist/tex/latex/base/article.cls
Document Class: article 2025/01/22 v1.4n Standard LaTeX document class
(d:/texlive/2025/texmf-dist/tex/latex/base/size12.clo))
(d:/texlive/2025/texmf-dist/tex/latex/base/inputenc.sty)
(d:/texlive/2025/texmf-dist/tex/latex/geometry/geometry.sty
(d:/texlive/2025/texmf-dist/tex/latex/graphics/keyval.sty)
(d:/texlive/2025/texmf-dist/tex/generic/iftex/ifvtex.sty
(d:/texlive/2025/texmf-dist/tex/generic/iftex/iftex.sty)))
(d:/texlive/2025/texmf-dist/tex/latex/titlesec/titlesec.sty)
(d:/texlive/2025/texmf-dist/tex/latex/enumitem/enumitem.sty)
(d:/texlive/2025/texmf-dist/tex/latex/hyperref/hyperref.sty
(d:/texlive/2025/texmf-dist/tex/latex/kvsetkeys/kvsetkeys.sty)
(d:/texlive/2025/texmf-dist/tex/generic/kvdefinekeys/kvdefinekeys.sty)
(d:/texlive/2025/texmf-dist/tex/generic/pdfescape/pdfescape.sty
(d:/texlive/2025/texmf-dist/tex/generic/ltxcmds/ltxcmds.sty)
(d:/texlive/2025/texmf-dist/tex/generic/pdftexcmds/pdftexcmds.sty
(d:/texlive/2025/texmf-dist/tex/generic/infwarerr/infwarerr.sty)))
(d:/texlive/2025/texmf-dist/tex/latex/hycolor/hycolor.sty)
(d:/texlive/2025/texmf-dist/tex/latex/hyperref/nameref.sty
(d:/texlive/2025/texmf-dist/tex/latex/refcount/refcount.sty)
(d:/texlive/2025/texmf-dist/tex/generic/gettitlestring/gettitlestring.sty
(d:/texlive/2025/texmf-dist/tex/latex/kvoptions/kvoptions.sty)))
(d:/texlive/2025/texmf-dist/tex/latex/etoolbox/etoolbox.sty)
(d:/texlive/2025/texmf-dist/tex/generic/stringenc/stringenc.sty)
(d:/texlive/2025/texmf-dist/tex/latex/hyperref/pd1enc.def)
(d:/texlive/2025/texmf-dist/tex/generic/intcalc/intcalc.sty)
(d:/texlive/2025/texmf-dist/tex/latex/hyperref/puenc.def)
(d:/texlive/2025/texmf-dist/tex/latex/url/url.sty)
(d:/texlive/2025/texmf-dist/tex/generic/bitset/bitset.sty
(d:/texlive/2025/texmf-dist/tex/generic/bigintcalc/bigintcalc.sty)))
(d:/texlive/2025/texmf-dist/tex/latex/hyperref/hpdftex.def
(d:/texlive/2025/texmf-dist/tex/latex/rerunfilecheck/rerunfilecheck.sty
(d:/texlive/2025/texmf-dist/tex/generic/uniquecounter/uniquecounter.sty)))
(d:/texlive/2025/texmf-dist/tex/latex/graphics/graphicx.sty
(d:/texlive/2025/texmf-dist/tex/latex/graphics/graphics.sty
(d:/texlive/2025/texmf-dist/tex/latex/graphics/trig.sty)
(d:/texlive/2025/texmf-dist/tex/latex/graphics-cfg/graphics.cfg)
(d:/texlive/2025/texmf-dist/tex/latex/graphics-def/pdftex.def)))
(d:/texlive/2025/texmf-dist/tex/latex/fancyhdr/fancyhdr.sty)
(d:/texlive/2025/texmf-dist/tex/latex/amsmath/amsmath.sty
For additional information on amsmath, use the `?' option.
(d:/texlive/2025/texmf-dist/tex/latex/amsmath/amstext.sty
(d:/texlive/2025/texmf-dist/tex/latex/amsmath/amsgen.sty))
(d:/texlive/2025/texmf-dist/tex/latex/amsmath/amsbsy.sty)
(d:/texlive/2025/texmf-dist/tex/latex/amsmath/amsopn.sty))
(d:/texlive/2025/texmf-dist/tex/latex/amsfonts/amssymb.sty
(d:/texlive/2025/texmf-dist/tex/latex/amsfonts/amsfonts.sty))
(d:/texlive/2025/texmf-dist/tex/latex/float/float.sty)
(d:/texlive/2025/texmf-dist/tex/latex/tools/array.sty)
(d:/texlive/2025/texmf-dist/tex/latex/booktabs/booktabs.sty)
(d:/texlive/2025/texmf-dist/tex/latex/tools/longtable.sty)
(d:/texlive/2025/texmf-dist/tex/latex/tcolorbox/tcolorbox.sty
(d:/texlive/2025/texmf-dist/tex/latex/pgf/frontendlayer/tikz.sty
(d:/texlive/2025/texmf-dist/tex/latex/pgf/basiclayer/pgf.sty
(d:/texlive/2025/texmf-dist/tex/latex/pgf/utilities/pgfrcs.sty
(d:/texlive/2025/texmf-dist/tex/generic/pgf/utilities/pgfutil-common.tex)
(d:/texlive/2025/texmf-dist/tex/generic/pgf/utilities/pgfutil-latex.def)
(d:/texlive/2025/texmf-dist/tex/generic/pgf/utilities/pgfrcs.code.tex
(d:/texlive/2025/texmf-dist/tex/generic/pgf/pgf.revision.tex)))
(d:/texlive/2025/texmf-dist/tex/latex/pgf/basiclayer/pgfcore.sty
(d:/texlive/2025/texmf-dist/tex/latex/pgf/systemlayer/pgfsys.sty
(d:/texlive/2025/texmf-dist/tex/generic/pgf/systemlayer/pgfsys.code.tex
(d:/texlive/2025/texmf-dist/tex/generic/pgf/utilities/pgfkeys.code.tex
(d:/texlive/2025/texmf-dist/tex/generic/pgf/utilities/pgfkeyslibraryfiltered.co
de.tex)) (d:/texlive/2025/texmf-dist/tex/generic/pgf/systemlayer/pgf.cfg)
(d:/texlive/2025/texmf-dist/tex/generic/pgf/systemlayer/pgfsys-pdftex.def
(d:/texlive/2025/texmf-dist/tex/generic/pgf/systemlayer/pgfsys-common-pdf.def))
)
(d:/texlive/2025/texmf-dist/tex/generic/pgf/systemlayer/pgfsyssoftpath.code.tex
)
(d:/texlive/2025/texmf-dist/tex/generic/pgf/systemlayer/pgfsysprotocol.code.tex
)) (d:/texlive/2025/texmf-dist/tex/latex/xcolor/xcolor.sty
(d:/texlive/2025/texmf-dist/tex/latex/graphics-cfg/color.cfg)
(d:/texlive/2025/texmf-dist/tex/latex/graphics/mathcolor.ltx))
(d:/texlive/2025/texmf-dist/tex/generic/pgf/basiclayer/pgfcore.code.tex
(d:/texlive/2025/texmf-dist/tex/generic/pgf/math/pgfmath.code.tex
(d:/texlive/2025/texmf-dist/tex/generic/pgf/math/pgfmathutil.code.tex)
(d:/texlive/2025/texmf-dist/tex/generic/pgf/math/pgfmathparser.code.tex)
(d:/texlive/2025/texmf-dist/tex/generic/pgf/math/pgfmathfunctions.code.tex)
(d:/texlive/2025/texmf-dist/tex/generic/pgf/math/pgfmathfunctions.basic.code.te
x)
(d:/texlive/2025/texmf-dist/tex/generic/pgf/math/pgfmathfunctions.trigonometric
.code.tex)
(d:/texlive/2025/texmf-dist/tex/generic/pgf/math/pgfmathfunctions.random.code.t
ex)
(d:/texlive/2025/texmf-dist/tex/generic/pgf/math/pgfmathfunctions.comparison.co
de.tex)
(d:/texlive/2025/texmf-dist/tex/generic/pgf/math/pgfmathfunctions.base.code.tex
)
(d:/texlive/2025/texmf-dist/tex/generic/pgf/math/pgfmathfunctions.round.code.te
x)
(d:/texlive/2025/texmf-dist/tex/generic/pgf/math/pgfmathfunctions.misc.code.tex
)
(d:/texlive/2025/texmf-dist/tex/generic/pgf/math/pgfmathfunctions.integerarithm
etics.code.tex)
(d:/texlive/2025/texmf-dist/tex/generic/pgf/math/pgfmathcalc.code.tex)
(d:/texlive/2025/texmf-dist/tex/generic/pgf/math/pgfmathfloat.code.tex))
(d:/texlive/2025/texmf-dist/tex/generic/pgf/math/pgfint.code.tex)
(d:/texlive/2025/texmf-dist/tex/generic/pgf/basiclayer/pgfcorepoints.code.tex)
(d:/texlive/2025/texmf-dist/tex/generic/pgf/basiclayer/pgfcorepathconstruct.cod
e.tex)
(d:/texlive/2025/texmf-dist/tex/generic/pgf/basiclayer/pgfcorepathusage.code.te
x)
(d:/texlive/2025/texmf-dist/tex/generic/pgf/basiclayer/pgfcorescopes.code.tex)
(d:/texlive/2025/texmf-dist/tex/generic/pgf/basiclayer/pgfcoregraphicstate.code
.tex)
(d:/texlive/2025/texmf-dist/tex/generic/pgf/basiclayer/pgfcoretransformations.c
ode.tex)
(d:/texlive/2025/texmf-dist/tex/generic/pgf/basiclayer/pgfcorequick.code.tex)
(d:/texlive/2025/texmf-dist/tex/generic/pgf/basiclayer/pgfcoreobjects.code.tex)

(d:/texlive/2025/texmf-dist/tex/generic/pgf/basiclayer/pgfcorepathprocessing.co
de.tex)
(d:/texlive/2025/texmf-dist/tex/generic/pgf/basiclayer/pgfcorearrows.code.tex)
(d:/texlive/2025/texmf-dist/tex/generic/pgf/basiclayer/pgfcoreshade.code.tex)
(d:/texlive/2025/texmf-dist/tex/generic/pgf/basiclayer/pgfcoreimage.code.tex)
(d:/texlive/2025/texmf-dist/tex/generic/pgf/basiclayer/pgfcoreexternal.code.tex
) (d:/texlive/2025/texmf-dist/tex/generic/pgf/basiclayer/pgfcorelayers.code.tex
)
(d:/texlive/2025/texmf-dist/tex/generic/pgf/basiclayer/pgfcoretransparency.code
.tex)
(d:/texlive/2025/texmf-dist/tex/generic/pgf/basiclayer/pgfcorepatterns.code.tex
) (d:/texlive/2025/texmf-dist/tex/generic/pgf/basiclayer/pgfcorerdf.code.tex)))
 (d:/texlive/2025/texmf-dist/tex/generic/pgf/modules/pgfmoduleshapes.code.tex)
(d:/texlive/2025/texmf-dist/tex/generic/pgf/modules/pgfmoduleplot.code.tex)
(d:/texlive/2025/texmf-dist/tex/latex/pgf/compatibility/pgfcomp-version-0-65.st
y)
(d:/texlive/2025/texmf-dist/tex/latex/pgf/compatibility/pgfcomp-version-1-18.st
y)) (d:/texlive/2025/texmf-dist/tex/latex/pgf/utilities/pgffor.sty
(d:/texlive/2025/texmf-dist/tex/latex/pgf/utilities/pgfkeys.sty
(d:/texlive/2025/texmf-dist/tex/generic/pgf/utilities/pgfkeys.code.tex))
(d:/texlive/2025/texmf-dist/tex/latex/pgf/math/pgfmath.sty
(d:/texlive/2025/texmf-dist/tex/generic/pgf/math/pgfmath.code.tex))
(d:/texlive/2025/texmf-dist/tex/generic/pgf/utilities/pgffor.code.tex))
(d:/texlive/2025/texmf-dist/tex/generic/pgf/frontendlayer/tikz/tikz.code.tex
(d:/texlive/2025/texmf-dist/tex/generic/pgf/libraries/pgflibraryplothandlers.co
de.tex)
(d:/texlive/2025/texmf-dist/tex/generic/pgf/modules/pgfmodulematrix.code.tex)
(d:/texlive/2025/texmf-dist/tex/generic/pgf/frontendlayer/tikz/libraries/tikzli
brarytopaths.code.tex)))
(d:/texlive/2025/texmf-dist/tex/latex/tools/verbatim.sty)
(d:/texlive/2025/texmf-dist/tex/latex/environ/environ.sty
(d:/texlive/2025/texmf-dist/tex/latex/trimspaces/trimspaces.sty))
(d:/texlive/2025/texmf-dist/tex/latex/tcolorbox/tcbraster.code.tex
Library (tcolorbox): 'tcbraster.code.tex' version '6.9.0'
) (d:/texlive/2025/texmf-dist/tex/latex/tcolorbox/tcbskins.code.tex
Library (tcolorbox): 'tcbskins.code.tex' version '6.9.0'
(d:/texlive/2025/texmf-dist/tex/latex/tikzfill/tikzfill.image.sty
(d:/texlive/2025/texmf-dist/tex/latex/tikzfill/tikzfill-common.sty)
(d:/texlive/2025/texmf-dist/tex/latex/tikzfill/tikzlibraryfill.image.code.tex))
 (d:/texlive/2025/texmf-dist/tex/latex/tcolorbox/tcbskinsjigsaw.code.tex
Library (tcolorbox): 'tcbskinsjigsaw.code.tex' version '6.9.0'
)) (d:/texlive/2025/texmf-dist/tex/latex/tcolorbox/tcbbreakable.code.tex
Library (tcolorbox): 'tcbbreakable.code.tex' version '6.9.0'
(d:/texlive/2025/texmf-dist/tex/latex/pdfcol/pdfcol.sty))
(d:/texlive/2025/texmf-dist/tex/latex/tcolorbox/tcbhooks.code.tex
Library (tcolorbox): 'tcbhooks.code.tex' version '6.9.0'
) (d:/texlive/2025/texmf-dist/tex/latex/tcolorbox/tcbtheorems.code.tex
Library (tcolorbox): 'tcbtheorems.code.tex' version '6.9.0'
) (d:/texlive/2025/texmf-dist/tex/latex/tcolorbox/tcbfitting.code.tex
Library (tcolorbox): 'tcbfitting.code.tex' version '6.9.0'
) (d:/texlive/2025/texmf-dist/tex/latex/tcolorbox/tcblistingsutf8.code.tex
Library (tcolorbox): 'tcblistingsutf8.code.tex' version '6.9.0'
(d:/texlive/2025/texmf-dist/tex/latex/tcolorbox/tcblistings.code.tex
Library (tcolorbox): 'tcblistings.code.tex' version '6.9.0'
(d:/texlive/2025/texmf-dist/tex/latex/listings/listings.sty
(d:/texlive/2025/texmf-dist/tex/latex/listings/lstpatch.sty)
(d:/texlive/2025/texmf-dist/tex/latex/listings/lstmisc.sty)
(d:/texlive/2025/texmf-dist/tex/latex/listings/listings.cfg))
==> First Aid for listings.sty no longer applied!
    Expected:
        2024/09/23 1.10c (Carsten Heinz)
    but found:
        2025/11/14 1.11b (Carsten Heinz)
    so I'm assuming it got fixed.
(d:/texlive/2025/texmf-dist/tex/latex/tcolorbox/tcblistingscore.code.tex
Library (tcolorbox): 'tcblistingscore.code.tex' version '6.9.0'
(d:/texlive/2025/texmf-dist/tex/latex/tcolorbox/tcbprocessing.code.tex
Library (tcolorbox): 'tcbprocessing.code.tex' version '6.9.0'
))) (d:/texlive/2025/texmf-dist/tex/latex/listingsutf8/listingsutf8.sty))
(d:/texlive/2025/texmf-dist/tex/latex/tcolorbox/tcbexternal.code.tex
Library (tcolorbox): 'tcbexternal.code.tex' version '6.9.0'
) (d:/texlive/2025/texmf-dist/tex/latex/tcolorbox/tcbmagazine.code.tex
Library (tcolorbox): 'tcbmagazine.code.tex' version '6.9.0'
) (d:/texlive/2025/texmf-dist/tex/latex/tcolorbox/tcbvignette.code.tex
Library (tcolorbox): 'tcbvignette.code.tex' version '6.9.0'

(d:/texlive/2025/texmf-dist/tex/generic/pgf/frontendlayer/tikz/libraries/tikzli
braryfadings.code.tex
(d:/texlive/2025/texmf-dist/tex/generic/pgf/libraries/pgflibraryfadings.code.te
x))) (d:/texlive/2025/texmf-dist/tex/latex/tcolorbox/tcbposter.code.tex
Library (tcolorbox): 'tcbposter.code.tex' version '6.9.0'
)) (d:/texlive/2025/texmf-dist/tex/latex/l3backend/l3backend-pdftex.def)
(./Phase_II.aux)
*geometry* driver: auto-detecting
*geometry* detected driver: pdftex
(./Phase_II.out) (./Phase_II.out)
(d:/texlive/2025/texmf-dist/tex/context/base/mkii/supp-pdf.mkii
[Loading MPS to PDF converter (version 2006.09.02).]
) (d:/texlive/2025/texmf-dist/tex/latex/epstopdf-pkg/epstopdf-base.sty
(d:/texlive/2025/texmf-dist/tex/latex/latexconfig/epstopdf-sys.cfg))
(d:/texlive/2025/texmf-dist/tex/latex/amsfonts/umsa.fd)
(d:/texlive/2025/texmf-dist/tex/latex/amsfonts/umsb.fd)

LaTeX Font Warning: Font shape `OT1/cmr/m/n' in size <20> not available
(Font)              size <20.74> substituted on input line 91.


LaTeX Font Warning: Font shape `OT1/cmr/bx/n' in size <20> not available
(Font)              size <20.74> substituted on input line 91.


LaTeX Font Warning: Font shape `OT1/cmr/m/n' in size <16> not available
(Font)              size <17.28> substituted on input line 93.


LaTeX Font Warning: Font shape `OT1/cmr/bx/n' in size <16> not available
(Font)              size <17.28> substituted on input line 93.

[1{d:/texlive/2025/texmf-var/fonts/map/pdftex/updmap/pdftex.map} <./logo.png>]
(./Phase_II.toc)
pdfTeX warning (ext4): destination with the same identifier (name{page.1}) has 
been already used, duplicate ignored
<to be read again> 
                   \relax 
l.126 \newpage
               [1] [2{d:/texlive/2025/texmf-dist/fonts/enc/dvips/cm-super/cm-su
per-ts1.enc}] [3
pdfTeX warning (ext4): destination with the same identifier (name{figure.1}) ha
s been already used, duplicate ignored
<argument> ...shipout:D \box_use:N \l_shipout_box 
                                                  \__shipout_drop_firstpage_...
l.166 \newpage
               <./eer_diagram2.png>]
(d:/texlive/2025/texmf-dist/tex/latex/listings/lstlang1.sty)
Underfull \hbox (badness 10000) in paragraph at lines 212--213
[]|\OT1/cmtt/m/n/10 origin[]code, dest[]code, distance[]km,

Underfull \hbox (badness 10000) in paragraph at lines 213--214
[]|\OT1/cmtt/m/n/10 registration[]number, model, manufacturer,

Underfull \hbox (badness 10000) in paragraph at lines 213--214
\OT1/cmtt/m/n/10 total[]capacity, business[]seats, economy[]seats,

Underfull \hbox (badness 10000) in paragraph at lines 214--215
[]|\OT1/cmtt/m/n/10 aircraft[]id, model, manufacturer, total[]capacity,

Underfull \hbox (badness 10000) in paragraph at lines 215--216
[]|\OT1/cmtt/m/n/10 flight[]number, route[]id, aircraft[]id, departure[]time,

Underfull \hbox (badness 10000) in paragraph at lines 216--217
[]|\OT1/cmtt/m/n/10 first[]name, last[]name, email, phone, passport[]number,

Underfull \hbox (badness 10000) in paragraph at lines 217--218
[]|\OT1/cmtt/m/n/10 passenger[]id, first[]name, last[]name, phone,

Underfull \hbox (badness 10000) in paragraph at lines 217--218
\OT1/cmtt/m/n/10 passport[]number, date[]of[]birth, address,

Underfull \hbox (badness 10000) in paragraph at lines 218--219
[]|\OT1/cmtt/m/n/10 passenger[]id, first[]name, last[]name, email, phone,

Underfull \hbox (badness 10000) in paragraph at lines 219--220
[]|\OT1/cmtt/m/n/10 passenger[]id, employee[]id, email, password[]hash, role,

Underfull \hbox (badness 10000) in paragraph at lines 220--221
[]|\OT1/cmtt/m/n/10 booking[]reference, passenger[]id, flight[]id,

Underfull \hbox (badness 10000) in paragraph at lines 220--221
\OT1/cmtt/m/n/10 booking[]date, seat[]number, class[]type, status,

Underfull \hbox (badness 10000) in paragraph at lines 221--222
[]|\OT1/cmtt/m/n/10 booking[]id, passenger[]id, flight[]id, booking[]date,

Underfull \hbox (badness 10000) in paragraph at lines 221--222
\OT1/cmtt/m/n/10 seat[]number, class[]type, status, total[]amount,

Underfull \hbox (badness 10000) in paragraph at lines 223--224
[]|\OT1/cmtt/m/n/10 booking[]id, amount, payment[]method, transaction[]date,

Underfull \hbox (badness 10000) in paragraph at lines 224--225
[]|\OT1/cmtt/m/n/10 payment[]id, amount, payment[]method, transaction[]date,

Underfull \hbox (badness 10000) in paragraph at lines 225--226
[]|\OT1/cmtt/m/n/10 payment[]id, booking[]id, amount, payment[]method,

Underfull \hbox (badness 10000) in paragraph at lines 226--227
[]|\OT1/cmtt/m/n/10 booking[]id, refund[]amount, reason, processed[]at,
ignored error: Infinite glue shrinkage found in box being split [4] [5]
[6] [7] [8]
Underfull \hbox (badness 6995) in paragraph at lines 484--484
[]|\OT1/cmr/bx/n/12 Root Cause (De-nor-mal-

Underfull \hbox (badness 2772) in paragraph at lines 486--486
[]|\OT1/cmr/m/n/12 Passenger/flight/route can-not

Underfull \hbox (badness 10000) in paragraph at lines 486--486
\OT1/cmr/m/n/12 be in-serted in-de-pen-dently;

Underfull \hbox (badness 10000) in paragraph at lines 486--487
[]|\OT1/cmr/m/n/12 Separate \OT1/cmtt/m/n/12 passenger\OT1/cmr/m/n/12 , \OT1/cm
tt/m/n/12 route\OT1/cmr/m/n/12 ,

Underfull \hbox (badness 2932) in paragraph at lines 486--487
\OT1/cmtt/m/n/12 aircraft\OT1/cmr/m/n/12 , \OT1/cmtt/m/n/12 airport \OT1/cmr/m/
n/12 ta-bles al-low

Underfull \hbox (badness 3635) in paragraph at lines 489--489
[]|\OT1/cmr/m/n/12 Multiple book-ings for same

Underfull \hbox (badness 10000) in paragraph at lines 489--490
[]|\OT1/cmtt/m/n/12 UNIQUE KEY (flight[]id,

Underfull \hbox (badness 10000) in paragraph at lines 489--490
\OT1/cmtt/m/n/12 seat[]number) \OT1/cmr/m/n/12 and \OT1/cmtt/m/n/12 seat[]lock

Underfull \hbox (badness 1400) in paragraph at lines 490--491
\OT1/cmr/m/n/12 checks avail-able[]seats and re-jects

Underfull \hbox (badness 3118) in paragraph at lines 491--492
[]|\OT1/cmr/m/n/12 Trigger \OT1/cmtt/m/n/12 tr[]flight[]before[]insert

Overfull \hbox (2.14505pt too wide) in alignment at lines 482--493
 [] [] [] 
ignored error: Infinite glue shrinkage found in box being split [9] [10]
(./database/01_schema.sql [11] [12] [13] [14])
Overfull \hbox (2.61087pt too wide) in paragraph at lines 510--510
|[]\OT1/cmr/bx/n/17.28 Execution of Queries, Func-tions/Procedures, and Trig-
(./database/02_triggers.sql [15] [16] [17] [18]) [19] [20]
Overfull \hbox (35.89093pt too wide) in paragraph at lines 696--697
\OT1/cmr/m/n/12 Instead of man-ual IN-SERT state-ments for large datasets, the 
sys-tem sup-ports dy-namic flight/passenger
[21]
Overfull \hbox (59.40887pt too wide) in paragraph at lines 744--745
[][][][] 

Overfull \hbox (59.40887pt too wide) in paragraph at lines 777--778
[][][][] 

Overfull \hbox (51.7587pt too wide) in paragraph at lines 805--806
[][][][] 
[22] [23]
Underfull \hbox (badness 1688) in paragraph at lines 1013--1014
[]\OT1/cmr/bx/n/12 Function Call (Group Book-ing Dis-
[24] [25] (./Phase_II.aux)

LaTeX Font Warning: Size substitutions with differences
(Font)              up to 1.28pt have occurred.


Package rerunfilecheck Warning: File `Phase_II.out' has changed.
(rerunfilecheck)                Rerun to get outlines right
(rerunfilecheck)                or use package `bookmark'.

 )
(see the transcript file for additional information)<d:/texlive/2025/texmf-dist
/fonts/type1/public/amsfonts/cm/cmbx10.pfb><d:/texlive/2025/texmf-dist/fonts/ty
pe1/public/amsfonts/cm/cmbx12.pfb><d:/texlive/2025/texmf-dist/fonts/type1/publi
c/amsfonts/cm/cmmi12.pfb><d:/texlive/2025/texmf-dist/fonts/type1/public/amsfont
s/cm/cmr10.pfb><d:/texlive/2025/texmf-dist/fonts/type1/public/amsfonts/cm/cmr12
.pfb><d:/texlive/2025/texmf-dist/fonts/type1/public/amsfonts/cm/cmsy10.pfb><d:/
texlive/2025/texmf-dist/fonts/type1/public/amsfonts/cm/cmtt10.pfb><d:/texlive/2
025/texmf-dist/fonts/type1/public/amsfonts/cm/cmtt12.pfb><d:/texlive/2025/texmf
-dist/fonts/type1/public/amsfonts/cm/cmtt8.pfb><d:/texlive/2025/texmf-dist/font
s/type1/public/cm-super/sfrm1200.pfb><d:/texlive/2025/texmf-dist/fonts/type1/pu
blic/cm-super/sftt1095.pfb>
Output written on Phase_II.pdf (26 pages, 408352 bytes).
Transcript written on Phase_II.log.
